d:\myapp\visual studio\c++\imguitools\imguitools\x64\release\vc145.pdb
d:\myapp\visual studio\c++\imguitools\imguitools\x64\release\imgui_widgets.obj
d:\myapp\visual studio\c++\imguitools\imguitools\x64\release\imgui_tables.obj
d:\myapp\visual studio\c++\imguitools\imguitools\x64\release\imgui_impl_win32.obj
d:\myapp\visual studio\c++\imguitools\imguitools\x64\release\imgui_impl_dx11.obj
d:\myapp\visual studio\c++\imguitools\imguitools\x64\release\imgui_draw.obj
d:\myapp\visual studio\c++\imguitools\imguitools\x64\release\imgui_demo.obj
d:\myapp\visual studio\c++\imguitools\imguitools\x64\release\imgui.obj
d:\myapp\visual studio\c++\imguitools\imguitools\x64\release\imguitools.obj
d:\myapp\visual studio\c++\imguitools\x64\release\imguitools.exe
d:\myapp\visual studio\c++\imguitools\x64\release\imguitools.pdb
d:\myapp\visual studio\c++\imguitools\imguitools\x64\release\imguitools.ipdb
d:\myapp\visual studio\c++\imguitools\imguitools\x64\release\imguitools.iobj
d:\myapp\visual studio\c++\imguitools\imguitools\x64\release\imguitools.tlog\cl.command.1.tlog
d:\myapp\visual studio\c++\imguitools\imguitools\x64\release\imguitools.tlog\cl.items.tlog
d:\myapp\visual studio\c++\imguitools\imguitools\x64\release\imguitools.tlog\cl.read.1.tlog
d:\myapp\visual studio\c++\imguitools\imguitools\x64\release\imguitools.tlog\cl.write.1.tlog
d:\myapp\visual studio\c++\imguitools\imguitools\x64\release\imguitools.tlog\link.command.1.tlog
d:\myapp\visual studio\c++\imguitools\imguitools\x64\release\imguitools.tlog\link.read.1.tlog
d:\myapp\visual studio\c++\imguitools\imguitools\x64\release\imguitools.tlog\link.secondary.1.tlog
d:\myapp\visual studio\c++\imguitools\imguitools\x64\release\imguitools.tlog\link.write.1.tlog
